// Vitest Snapshot v1, https://vitest.dev/guide/snapshot.html

exports[`render 1`] = `
"// Generated by @duplojs/types-codegen
/* eslint-disable */
/* prettier-ignore */
/* istanbul ignore file */
/* v8 ignore start */
// noinspection JSUnusedGlobalSymbols
// @ts-nocheck
test
/* v8 ignore stop */
"
`;
