// Vitest Snapshot v1, https://vitest.dev/guide/snapshot.html

exports[`defaultToOptionalHook 1`] = `"type test = string | undefined;"`;
